// Jest Snapshot v1, https://goo.gl/fbAQLP

exports[`Probar componente ExpertAPP debe de mostrar una lista de categorias 1`] = `
<Fragment>
  <h2>
    Gif Expert App
  </h2>
  <hr />
  <AddCategory
    setCategories={[Function]}
  />
  <ol>
    <GifGrid
      category="One Punch"
      key="One Punch"
    />
    <GifGrid
      category="Dragon Ball"
      key="Dragon Ball"
    />
  </ol>
</Fragment>
`;

exports[`Probar componente ExpertAPP deber√≠a mostrarse el componente GitExpertApp 1`] = `
<Fragment>
  <h2>
    Gif Expert App
  </h2>
  <hr />
  <AddCategory
    setCategories={[Function]}
  />
  <ol />
</Fragment>
`;
