// Jest Snapshot v1, https://goo.gl/fbAQLP

exports[`Pruebas en <MultipleCustomHooks /> debe de mostrarse correctamente 1`] = `
<div>
  <h1>
    Breaking Quotes
  </h1>
  <hr />
  <div
    className="alert alert-info text-center"
  >
    <strong>
      Loading...
    </strong>
  </div>
  <button
    className="btn btn-primary"
    onClick={[Function]}
  >
    Siguiente
  </button>
</div>
`;
