// Jest Snapshot v1, https://goo.gl/fbAQLP

exports[`Probar componente add category deberia mostrar el componente addcategory 1`] = `
<form
  onSubmit={[Function]}
>
  <p>
    Ingrese texto
  </p>
  <input
    onChange={[Function]}
    type="text"
    value="Ingrese texto"
  />
</form>
`;
